"This is my response to a prompt of length 166 with a model derp with temperature 0.5."