{"tru_class_info": {"name": "TruCustomApp", "module": {"package_name": "trulens_eval", "module_name": "trulens_eval.tru_custom_app"}, "bases": [{"name": "TruCustomApp", "module": {"package_name": "trulens_eval", "module_name": "trulens_eval.tru_custom_app"}, "bases": null}, {"name": "App", "module": {"package_name": "trulens_eval", "module_name": "trulens_eval.app"}, "bases": null}, {"name": "AppDefinition", "module": {"package_name": "trulens_eval.schema", "module_name": "trulens_eval.schema.app"}, "bases": null}, {"name": "WithClassInfo", "module": {"package_name": "trulens_eval.utils", "module_name": "trulens_eval.utils.pyschema"}, "bases": null}, {"name": "SerialModel", "module": {"package_name": "trulens_eval.utils", "module_name": "trulens_eval.utils.serial"}, "bases": null}, {"name": "BaseModel", "module": {"package_name": "pydantic", "module_name": "pydantic.main"}, "bases": null}, {"name": "WithInstrumentCallbacks", "module": {"package_name": "trulens_eval", "module_name": "trulens_eval.instruments"}, "bases": null}, {"name": "Hashable", "module": {"package_name": "collections", "module_name": "collections.abc"}, "bases": null}, {"name": "Generic", "module": {"package_name": "", "module_name": "typing"}, "bases": null}, {"name": "object", "module": {"package_name": "", "module_name": "builtins"}, "bases": null}]}, "app_id": "customapp", "tags": "-", "metadata": {}, "feedback_definitions": [], "feedback_mode": "with_app_thread", "root_class": {"name": "CustomApp", "module": {"package_name": "examples.expositional.end2end_apps.custom_app", "module_name": "examples.expositional.end2end_apps.custom_app.custom_app"}, "bases": null}, "app": {"agents": [{"alloc": 1024, "app": {"agents": [], "alloc": 1024, "delay": 0.0, "llm": {"_dummy_allocated_data": null, "alloc": 1024, "delay": 0.0, "model": "derp", "model_type": "HerpDerp", "seed": 3735928559, "temperature": 0.5, "tru_class_info": {"name": "CustomLLM", "module": {"package_name": "examples.expositional.end2end_apps.custom_app", "module_name": "examples.expositional.end2end_apps.custom_app.custom_llm"}, "bases": [{"name": "CustomLLM", "module": {"package_name": "examples.expositional.end2end_apps.custom_app", "module_name": "examples.expositional.end2end_apps.custom_app.custom_llm"}, "bases": null}, {"name": "Dummy", "module": {"package_name": "examples.expositional.end2end_apps.custom_app", "module_name": "examples.expositional.end2end_apps.custom_app.dummy"}, "bases": null}, {"name": "object", "module": {"package_name": "", "module_name": "builtins"}, "bases": null}]}}, "memory": {"alloc": 1024, "delay": 0.0, "memory_type": "dummy-memory", "messages": [], "seed": 3735928559, "tru_class_info": {"name": "CustomMemory", "module": {"package_name": "examples.expositional.end2end_apps.custom_app", "module_name": "examples.expositional.end2end_apps.custom_app.custom_memory"}, "bases": [{"name": "CustomMemory", "module": {"package_name": "examples.expositional.end2end_apps.custom_app", "module_name": "examples.expositional.end2end_apps.custom_app.custom_memory"}, "bases": null}, {"name": "Dummy", "module": {"package_name": "examples.expositional.end2end_apps.custom_app", "module_name": "examples.expositional.end2end_apps.custom_app.dummy"}, "bases": null}, {"name": "object", "module": {"package_name": "", "module_name": "builtins"}, "bases": null}]}}, "reranker": {"_dummy_allocated_data": null, "alloc": 1024, "delay": 0.0, "model_name": "herpderp-v1-reranker", "seed": 3735928559, "top_n": 2, "tru_class_info": {"name": "CustomReranker", "module": {"package_name": "examples.expositional.end2end_apps.custom_app", "module_name": "examples.expositional.end2end_apps.custom_app.custom_reranker"}, "bases": [{"name": "CustomReranker", "module": {"package_name": "examples.expositional.end2end_apps.custom_app", "module_name": "examples.expositional.end2end_apps.custom_app.custom_reranker"}, "bases": null}, {"name": "Dummy", "module": {"package_name": "examples.expositional.end2end_apps.custom_app", "module_name": "examples.expositional.end2end_apps.custom_app.dummy"}, "bases": null}, {"name": "object", "module": {"package_name": "", "module_name": "builtins"}, "bases": null}]}}, "retriever": {"_dummy_allocated_data": null, "alloc": 1024, "delay": 0.0, "num_contexts": 2, "seed": 3735928559, "tru_class_info": {"name": "CustomRetriever", "module": {"package_name": "examples.expositional.end2end_apps.custom_app", "module_name": "examples.expositional.end2end_apps.custom_app.custom_retriever"}, "bases": [{"name": "CustomRetriever", "module": {"package_name": "examples.expositional.end2end_apps.custom_app", "module_name": "examples.expositional.end2end_apps.custom_app.custom_retriever"}, "bases": null}, {"name": "Dummy", "module": {"package_name": "examples.expositional.end2end_apps.custom_app", "module_name": "examples.expositional.end2end_apps.custom_app.dummy"}, "bases": null}, {"name": "object", "module": {"package_name": "", "module_name": "builtins"}, "bases": null}]}}, "seed": 3735928559, "template": {"_dummy_allocated_data": null, "alloc": 1024, "delay": 0.0, "seed": 3735928559, "template": "The answer to {question} is probably {answer} or something ...", "tru_class_info": {"name": "CustomTemplate", "module": {"package_name": "examples.expositional.end2end_apps.custom_app", "module_name": "examples.expositional.end2end_apps.custom_app.custom_app"}, "bases": [{"name": "CustomTemplate", "module": {"package_name": "examples.expositional.end2end_apps.custom_app", "module_name": "examples.expositional.end2end_apps.custom_app.custom_app"}, "bases": null}, {"name": "Dummy", "module": {"package_name": "examples.expositional.end2end_apps.custom_app", "module_name": "examples.expositional.end2end_apps.custom_app.dummy"}, "bases": null}, {"name": "object", "module": {"package_name": "", "module_name": "builtins"}, "bases": null}]}}, "tools": [{"alloc": 1024, "delay": 0.0, "description": "Return repr(self).", "seed": 3735928559, "tru_class_info": {"name": "CustomTool", "module": {"package_name": "examples.expositional.end2end_apps.custom_app", "module_name": "examples.expositional.end2end_apps.custom_app.custom_tool"}, "bases": [{"name": "CustomTool", "module": {"package_name": "examples.expositional.end2end_apps.custom_app", "module_name": "examples.expositional.end2end_apps.custom_app.custom_tool"}, "bases": null}, {"name": "Dummy", "module": {"package_name": "examples.expositional.end2end_apps.custom_app", "module_name": "examples.expositional.end2end_apps.custom_app.dummy"}, "bases": null}, {"name": "object", "module": {"package_name": "", "module_name": "builtins"}, "bases": null}]}}, {"alloc": 1024, "delay": 0.0, "description": "Return repr(self).", "seed": 3735928559, "tru_class_info": {"name": "CustomTool", "module": {"package_name": "examples.expositional.end2end_apps.custom_app", "module_name": "examples.expositional.end2end_apps.custom_app.custom_tool"}, "bases": [{"name": "CustomTool", "module": {"package_name": "examples.expositional.end2end_apps.custom_app", "module_name": "examples.expositional.end2end_apps.custom_app.custom_tool"}, "bases": null}, {"name": "Dummy", "module": {"package_name": "examples.expositional.end2end_apps.custom_app", "module_name": "examples.expositional.end2end_apps.custom_app.dummy"}, "bases": null}, {"name": "object", "module": {"package_name": "", "module_name": "builtins"}, "bases": null}]}}, {"alloc": 1024, "delay": 0.0, "description": "Return repr(self).", "seed": 3735928559, "tru_class_info": {"name": "CustomTool", "module": {"package_name": "examples.expositional.end2end_apps.custom_app", "module_name": "examples.expositional.end2end_apps.custom_app.custom_tool"}, "bases": [{"name": "CustomTool", "module": {"package_name": "examples.expositional.end2end_apps.custom_app", "module_name": "examples.expositional.end2end_apps.custom_app.custom_tool"}, "bases": null}, {"name": "Dummy", "module": {"package_name": "examples.expositional.end2end_apps.custom_app", "module_name": "examples.expositional.end2end_apps.custom_app.dummy"}, "bases": null}, {"name": "object", "module": {"package_name": "", "module_name": "builtins"}, "bases": null}]}}, {"alloc": 1024, "delay": 0.0, "description": "Return repr(self).", "last_stack": null, "seed": 3735928559, "tru_class_info": {"name": "CustomStackTool", "module": {"package_name": "examples.expositional.end2end_apps.custom_app", "module_name": "examples.expositional.end2end_apps.custom_app.custom_tool"}, "bases": [{"name": "CustomStackTool", "module": {"package_name": "examples.expositional.end2end_apps.custom_app", "module_name": "examples.expositional.end2end_apps.custom_app.custom_tool"}, "bases": null}, {"name": "CustomTool", "module": {"package_name": "examples.expositional.end2end_apps.custom_app", "module_name": "examples.expositional.end2end_apps.custom_app.custom_tool"}, "bases": null}, {"name": "Dummy", "module": {"package_name": "examples.expositional.end2end_apps.custom_app", "module_name": "examples.expositional.end2end_apps.custom_app.dummy"}, "bases": null}, {"name": "object", "module": {"package_name": "", "module_name": "builtins"}, "bases": null}]}}], "tru_class_info": {"name": "CustomApp", "module": {"package_name": "examples.expositional.end2end_apps.custom_app", "module_name": "examples.expositional.end2end_apps.custom_app.custom_app"}, "bases": [{"name": "CustomApp", "module": {"package_name": "examples.expositional.end2end_apps.custom_app", "module_name": "examples.expositional.end2end_apps.custom_app.custom_app"}, "bases": null}, {"name": "Dummy", "module": {"package_name": "examples.expositional.end2end_apps.custom_app", "module_name": "examples.expositional.end2end_apps.custom_app.dummy"}, "bases": null}, {"name": "object", "module": {"package_name": "", "module_name": "builtins"}, "bases": null}]}}, "delay": 0.0, "description": "ensamble agent 0", "seed": 3735928559, "tru_class_info": {"name": "CustomAgent", "module": {"package_name": "examples.expositional.end2end_apps.custom_app", "module_name": "examples.expositional.end2end_apps.custom_app.custom_agent"}, "bases": [{"name": "CustomAgent", "module": {"package_name": "examples.expositional.end2end_apps.custom_app", "module_name": "examples.expositional.end2end_apps.custom_app.custom_agent"}, "bases": null}, {"name": "Dummy", "module": {"package_name": "examples.expositional.end2end_apps.custom_app", "module_name": "examples.expositional.end2end_apps.custom_app.dummy"}, "bases": null}, {"name": "object", "module": {"package_name": "", "module_name": "builtins"}, "bases": null}]}}, {"alloc": 1024, "app": {"agents": [], "alloc": 1024, "delay": 0.0, "llm": {"_dummy_allocated_data": null, "alloc": 1024, "delay": 0.0, "model": "derp", "model_type": "HerpDerp", "seed": 3735928559, "temperature": 0.5, "tru_class_info": {"name": "CustomLLM", "module": {"package_name": "examples.expositional.end2end_apps.custom_app", "module_name": "examples.expositional.end2end_apps.custom_app.custom_llm"}, "bases": [{"name": "CustomLLM", "module": {"package_name": "examples.expositional.end2end_apps.custom_app", "module_name": "examples.expositional.end2end_apps.custom_app.custom_llm"}, "bases": null}, {"name": "Dummy", "module": {"package_name": "examples.expositional.end2end_apps.custom_app", "module_name": "examples.expositional.end2end_apps.custom_app.dummy"}, "bases": null}, {"name": "object", "module": {"package_name": "", "module_name": "builtins"}, "bases": null}]}}, "memory": {"alloc": 1024, "delay": 0.0, "memory_type": "dummy-memory", "messages": [], "seed": 3735928559, "tru_class_info": {"name": "CustomMemory", "module": {"package_name": "examples.expositional.end2end_apps.custom_app", "module_name": "examples.expositional.end2end_apps.custom_app.custom_memory"}, "bases": [{"name": "CustomMemory", "module": {"package_name": "examples.expositional.end2end_apps.custom_app", "module_name": "examples.expositional.end2end_apps.custom_app.custom_memory"}, "bases": null}, {"name": "Dummy", "module": {"package_name": "examples.expositional.end2end_apps.custom_app", "module_name": "examples.expositional.end2end_apps.custom_app.dummy"}, "bases": null}, {"name": "object", "module": {"package_name": "", "module_name": "builtins"}, "bases": null}]}}, "reranker": {"_dummy_allocated_data": null, "alloc": 1024, "delay": 0.0, "model_name": "herpderp-v1-reranker", "seed": 3735928559, "top_n": 2, "tru_class_info": {"name": "CustomReranker", "module": {"package_name": "examples.expositional.end2end_apps.custom_app", "module_name": "examples.expositional.end2end_apps.custom_app.custom_reranker"}, "bases": [{"name": "CustomReranker", "module": {"package_name": "examples.expositional.end2end_apps.custom_app", "module_name": "examples.expositional.end2end_apps.custom_app.custom_reranker"}, "bases": null}, {"name": "Dummy", "module": {"package_name": "examples.expositional.end2end_apps.custom_app", "module_name": "examples.expositional.end2end_apps.custom_app.dummy"}, "bases": null}, {"name": "object", "module": {"package_name": "", "module_name": "builtins"}, "bases": null}]}}, "retriever": {"_dummy_allocated_data": null, "alloc": 1024, "delay": 0.0, "num_contexts": 2, "seed": 3735928559, "tru_class_info": {"name": "CustomRetriever", "module": {"package_name": "examples.expositional.end2end_apps.custom_app", "module_name": "examples.expositional.end2end_apps.custom_app.custom_retriever"}, "bases": [{"name": "CustomRetriever", "module": {"package_name": "examples.expositional.end2end_apps.custom_app", "module_name": "examples.expositional.end2end_apps.custom_app.custom_retriever"}, "bases": null}, {"name": "Dummy", "module": {"package_name": "examples.expositional.end2end_apps.custom_app", "module_name": "examples.expositional.end2end_apps.custom_app.dummy"}, "bases": null}, {"name": "object", "module": {"package_name": "", "module_name": "builtins"}, "bases": null}]}}, "seed": 3735928559, "template": {"_dummy_allocated_data": null, "alloc": 1024, "delay": 0.0, "seed": 3735928559, "template": "The answer to {question} is probably {answer} or something ...", "tru_class_info": {"name": "CustomTemplate", "module": {"package_name": "examples.expositional.end2end_apps.custom_app", "module_name": "examples.expositional.end2end_apps.custom_app.custom_app"}, "bases": [{"name": "CustomTemplate", "module": {"package_name": "examples.expositional.end2end_apps.custom_app", "module_name": "examples.expositional.end2end_apps.custom_app.custom_app"}, "bases": null}, {"name": "Dummy", "module": {"package_name": "examples.expositional.end2end_apps.custom_app", "module_name": "examples.expositional.end2end_apps.custom_app.dummy"}, "bases": null}, {"name": "object", "module": {"package_name": "", "module_name": "builtins"}, "bases": null}]}}, "tools": [{"alloc": 1024, "delay": 0.0, "description": "Return repr(self).", "seed": 3735928559, "tru_class_info": {"name": "CustomTool", "module": {"package_name": "examples.expositional.end2end_apps.custom_app", "module_name": "examples.expositional.end2end_apps.custom_app.custom_tool"}, "bases": [{"name": "CustomTool", "module": {"package_name": "examples.expositional.end2end_apps.custom_app", "module_name": "examples.expositional.end2end_apps.custom_app.custom_tool"}, "bases": null}, {"name": "Dummy", "module": {"package_name": "examples.expositional.end2end_apps.custom_app", "module_name": "examples.expositional.end2end_apps.custom_app.dummy"}, "bases": null}, {"name": "object", "module": {"package_name": "", "module_name": "builtins"}, "bases": null}]}}, {"alloc": 1024, "delay": 0.0, "description": "Return repr(self).", "seed": 3735928559, "tru_class_info": {"name": "CustomTool", "module": {"package_name": "examples.expositional.end2end_apps.custom_app", "module_name": "examples.expositional.end2end_apps.custom_app.custom_tool"}, "bases": [{"name": "CustomTool", "module": {"package_name": "examples.expositional.end2end_apps.custom_app", "module_name": "examples.expositional.end2end_apps.custom_app.custom_tool"}, "bases": null}, {"name": "Dummy", "module": {"package_name": "examples.expositional.end2end_apps.custom_app", "module_name": "examples.expositional.end2end_apps.custom_app.dummy"}, "bases": null}, {"name": "object", "module": {"package_name": "", "module_name": "builtins"}, "bases": null}]}}, {"alloc": 1024, "delay": 0.0, "description": "Return repr(self).", "seed": 3735928559, "tru_class_info": {"name": "CustomTool", "module": {"package_name": "examples.expositional.end2end_apps.custom_app", "module_name": "examples.expositional.end2end_apps.custom_app.custom_tool"}, "bases": [{"name": "CustomTool", "module": {"package_name": "examples.expositional.end2end_apps.custom_app", "module_name": "examples.expositional.end2end_apps.custom_app.custom_tool"}, "bases": null}, {"name": "Dummy", "module": {"package_name": "examples.expositional.end2end_apps.custom_app", "module_name": "examples.expositional.end2end_apps.custom_app.dummy"}, "bases": null}, {"name": "object", "module": {"package_name": "", "module_name": "builtins"}, "bases": null}]}}, {"alloc": 1024, "delay": 0.0, "description": "Return repr(self).", "last_stack": null, "seed": 3735928559, "tru_class_info": {"name": "CustomStackTool", "module": {"package_name": "examples.expositional.end2end_apps.custom_app", "module_name": "examples.expositional.end2end_apps.custom_app.custom_tool"}, "bases": [{"name": "CustomStackTool", "module": {"package_name": "examples.expositional.end2end_apps.custom_app", "module_name": "examples.expositional.end2end_apps.custom_app.custom_tool"}, "bases": null}, {"name": "CustomTool", "module": {"package_name": "examples.expositional.end2end_apps.custom_app", "module_name": "examples.expositional.end2end_apps.custom_app.custom_tool"}, "bases": null}, {"name": "Dummy", "module": {"package_name": "examples.expositional.end2end_apps.custom_app", "module_name": "examples.expositional.end2end_apps.custom_app.dummy"}, "bases": null}, {"name": "object", "module": {"package_name": "", "module_name": "builtins"}, "bases": null}]}}], "tru_class_info": {"name": "CustomApp", "module": {"package_name": "examples.expositional.end2end_apps.custom_app", "module_name": "examples.expositional.end2end_apps.custom_app.custom_app"}, "bases": [{"name": "CustomApp", "module": {"package_name": "examples.expositional.end2end_apps.custom_app", "module_name": "examples.expositional.end2end_apps.custom_app.custom_app"}, "bases": null}, {"name": "Dummy", "module": {"package_name": "examples.expositional.end2end_apps.custom_app", "module_name": "examples.expositional.end2end_apps.custom_app.dummy"}, "bases": null}, {"name": "object", "module": {"package_name": "", "module_name": "builtins"}, "bases": null}]}}, "delay": 0.0, "description": "ensamble agent 1", "seed": 3735928559, "tru_class_info": {"name": "CustomAgent", "module": {"package_name": "examples.expositional.end2end_apps.custom_app", "module_name": "examples.expositional.end2end_apps.custom_app.custom_agent"}, "bases": [{"name": "CustomAgent", "module": {"package_name": "examples.expositional.end2end_apps.custom_app", "module_name": "examples.expositional.end2end_apps.custom_app.custom_agent"}, "bases": null}, {"name": "Dummy", "module": {"package_name": "examples.expositional.end2end_apps.custom_app", "module_name": "examples.expositional.end2end_apps.custom_app.dummy"}, "bases": null}, {"name": "object", "module": {"package_name": "", "module_name": "builtins"}, "bases": null}]}}], "alloc": 0, "delay": 0.0, "llm": {"_dummy_allocated_data": null, "alloc": 0, "delay": 0.0, "model": "derp", "model_type": "HerpDerp", "seed": 3735928559, "temperature": 0.5, "tru_class_info": {"name": "CustomLLM", "module": {"package_name": "examples.expositional.end2end_apps.custom_app", "module_name": "examples.expositional.end2end_apps.custom_app.custom_llm"}, "bases": [{"name": "CustomLLM", "module": {"package_name": "examples.expositional.end2end_apps.custom_app", "module_name": "examples.expositional.end2end_apps.custom_app.custom_llm"}, "bases": null}, {"name": "Dummy", "module": {"package_name": "examples.expositional.end2end_apps.custom_app", "module_name": "examples.expositional.end2end_apps.custom_app.dummy"}, "bases": null}, {"name": "object", "module": {"package_name": "", "module_name": "builtins"}, "bases": null}]}}, "memory": {"alloc": 0, "delay": 0.0, "memory_type": "dummy-memory", "messages": [], "seed": 3735928559, "tru_class_info": {"name": "CustomMemory", "module": {"package_name": "examples.expositional.end2end_apps.custom_app", "module_name": "examples.expositional.end2end_apps.custom_app.custom_memory"}, "bases": [{"name": "CustomMemory", "module": {"package_name": "examples.expositional.end2end_apps.custom_app", "module_name": "examples.expositional.end2end_apps.custom_app.custom_memory"}, "bases": null}, {"name": "Dummy", "module": {"package_name": "examples.expositional.end2end_apps.custom_app", "module_name": "examples.expositional.end2end_apps.custom_app.dummy"}, "bases": null}, {"name": "object", "module": {"package_name": "", "module_name": "builtins"}, "bases": null}]}}, "reranker": {"_dummy_allocated_data": null, "alloc": 0, "delay": 0.0, "model_name": "herpderp-v1-reranker", "seed": 3735928559, "top_n": 2, "tru_class_info": {"name": "CustomReranker", "module": {"package_name": "examples.expositional.end2end_apps.custom_app", "module_name": "examples.expositional.end2end_apps.custom_app.custom_reranker"}, "bases": [{"name": "CustomReranker", "module": {"package_name": "examples.expositional.end2end_apps.custom_app", "module_name": "examples.expositional.end2end_apps.custom_app.custom_reranker"}, "bases": null}, {"name": "Dummy", "module": {"package_name": "examples.expositional.end2end_apps.custom_app", "module_name": "examples.expositional.end2end_apps.custom_app.dummy"}, "bases": null}, {"name": "object", "module": {"package_name": "", "module_name": "builtins"}, "bases": null}]}}, "retriever": {"_dummy_allocated_data": null, "alloc": 0, "delay": 0.0, "num_contexts": 2, "seed": 3735928559, "tru_class_info": {"name": "CustomRetriever", "module": {"package_name": "examples.expositional.end2end_apps.custom_app", "module_name": "examples.expositional.end2end_apps.custom_app.custom_retriever"}, "bases": [{"name": "CustomRetriever", "module": {"package_name": "examples.expositional.end2end_apps.custom_app", "module_name": "examples.expositional.end2end_apps.custom_app.custom_retriever"}, "bases": null}, {"name": "Dummy", "module": {"package_name": "examples.expositional.end2end_apps.custom_app", "module_name": "examples.expositional.end2end_apps.custom_app.dummy"}, "bases": null}, {"name": "object", "module": {"package_name": "", "module_name": "builtins"}, "bases": null}]}}, "seed": 3735928559, "template": {"_dummy_allocated_data": null, "alloc": 1024, "delay": 0.0, "seed": 3735928559, "template": "The answer to {question} is probably {answer} or something ...", "tru_class_info": {"name": "CustomTemplate", "module": {"package_name": "examples.expositional.end2end_apps.custom_app", "module_name": "examples.expositional.end2end_apps.custom_app.custom_app"}, "bases": [{"name": "CustomTemplate", "module": {"package_name": "examples.expositional.end2end_apps.custom_app", "module_name": "examples.expositional.end2end_apps.custom_app.custom_app"}, "bases": null}, {"name": "Dummy", "module": {"package_name": "examples.expositional.end2end_apps.custom_app", "module_name": "examples.expositional.end2end_apps.custom_app.dummy"}, "bases": null}, {"name": "object", "module": {"package_name": "", "module_name": "builtins"}, "bases": null}]}}, "tools": [{"alloc": 0, "delay": 0.0, "description": "Return repr(self).", "seed": 3735928559, "tru_class_info": {"name": "CustomTool", "module": {"package_name": "examples.expositional.end2end_apps.custom_app", "module_name": "examples.expositional.end2end_apps.custom_app.custom_tool"}, "bases": [{"name": "CustomTool", "module": {"package_name": "examples.expositional.end2end_apps.custom_app", "module_name": "examples.expositional.end2end_apps.custom_app.custom_tool"}, "bases": null}, {"name": "Dummy", "module": {"package_name": "examples.expositional.end2end_apps.custom_app", "module_name": "examples.expositional.end2end_apps.custom_app.dummy"}, "bases": null}, {"name": "object", "module": {"package_name": "", "module_name": "builtins"}, "bases": null}]}}, {"alloc": 0, "delay": 0.0, "description": "Return repr(self).", "seed": 3735928559, "tru_class_info": {"name": "CustomTool", "module": {"package_name": "examples.expositional.end2end_apps.custom_app", "module_name": "examples.expositional.end2end_apps.custom_app.custom_tool"}, "bases": [{"name": "CustomTool", "module": {"package_name": "examples.expositional.end2end_apps.custom_app", "module_name": "examples.expositional.end2end_apps.custom_app.custom_tool"}, "bases": null}, {"name": "Dummy", "module": {"package_name": "examples.expositional.end2end_apps.custom_app", "module_name": "examples.expositional.end2end_apps.custom_app.dummy"}, "bases": null}, {"name": "object", "module": {"package_name": "", "module_name": "builtins"}, "bases": null}]}}, {"alloc": 0, "delay": 0.0, "description": "Return repr(self).", "seed": 3735928559, "tru_class_info": {"name": "CustomTool", "module": {"package_name": "examples.expositional.end2end_apps.custom_app", "module_name": "examples.expositional.end2end_apps.custom_app.custom_tool"}, "bases": [{"name": "CustomTool", "module": {"package_name": "examples.expositional.end2end_apps.custom_app", "module_name": "examples.expositional.end2end_apps.custom_app.custom_tool"}, "bases": null}, {"name": "Dummy", "module": {"package_name": "examples.expositional.end2end_apps.custom_app", "module_name": "examples.expositional.end2end_apps.custom_app.dummy"}, "bases": null}, {"name": "object", "module": {"package_name": "", "module_name": "builtins"}, "bases": null}]}}, {"alloc": 0, "delay": 0.0, "description": "Return repr(self).", "last_stack": null, "seed": 3735928559, "tru_class_info": {"name": "CustomStackTool", "module": {"package_name": "examples.expositional.end2end_apps.custom_app", "module_name": "examples.expositional.end2end_apps.custom_app.custom_tool"}, "bases": [{"name": "CustomStackTool", "module": {"package_name": "examples.expositional.end2end_apps.custom_app", "module_name": "examples.expositional.end2end_apps.custom_app.custom_tool"}, "bases": null}, {"name": "CustomTool", "module": {"package_name": "examples.expositional.end2end_apps.custom_app", "module_name": "examples.expositional.end2end_apps.custom_app.custom_tool"}, "bases": null}, {"name": "Dummy", "module": {"package_name": "examples.expositional.end2end_apps.custom_app", "module_name": "examples.expositional.end2end_apps.custom_app.dummy"}, "bases": null}, {"name": "object", "module": {"package_name": "", "module_name": "builtins"}, "bases": null}]}}], "tru_class_info": {"name": "CustomApp", "module": {"package_name": "examples.expositional.end2end_apps.custom_app", "module_name": "examples.expositional.end2end_apps.custom_app.custom_app"}, "bases": [{"name": "CustomApp", "module": {"package_name": "examples.expositional.end2end_apps.custom_app", "module_name": "examples.expositional.end2end_apps.custom_app.custom_app"}, "bases": null}, {"name": "Dummy", "module": {"package_name": "examples.expositional.end2end_apps.custom_app", "module_name": "examples.expositional.end2end_apps.custom_app.dummy"}, "bases": null}, {"name": "object", "module": {"package_name": "", "module_name": "builtins"}, "bases": null}]}}, "initial_app_loader_dump": null, "app_extra_json": {}, "selector_check_warning": false, "selector_nocheck": false, "main_method": null}