{"tru_class_info": {"name": "Feedback", "module": {"package_name": "trulens_eval.feedback", "module_name": "trulens_eval.feedback.feedback"}, "bases": [{"name": "Feedback", "module": {"package_name": "trulens_eval.feedback", "module_name": "trulens_eval.feedback.feedback"}, "bases": null}, {"name": "FeedbackDefinition", "module": {"package_name": "trulens_eval.schema", "module_name": "trulens_eval.schema.feedback"}, "bases": null}, {"name": "WithClassInfo", "module": {"package_name": "trulens_eval.utils", "module_name": "trulens_eval.utils.pyschema"}, "bases": null}, {"name": "SerialModel", "module": {"package_name": "trulens_eval.utils", "module_name": "trulens_eval.utils.serial"}, "bases": null}, {"name": "BaseModel", "module": {"package_name": "pydantic", "module_name": "pydantic.main"}, "bases": null}, {"name": "Hashable", "module": {"package_name": "collections", "module_name": "collections.abc"}, "bases": null}, {"name": "Generic", "module": {"package_name": "", "module_name": "typing"}, "bases": null}, {"name": "object", "module": {"package_name": "", "module_name": "builtins"}, "bases": null}]}, "implementation": {"obj": {"cls": {"name": "DummyProvider", "module": {"package_name": "trulens_eval.feedback.provider", "module_name": "trulens_eval.feedback.provider.dummy"}, "bases": null}, "id": 6146483344, "init_bindings": {"args": [], "kwargs": {"tru_class_info": {"name": "DummyProvider", "module": {"package_name": "trulens_eval.feedback.provider", "module_name": "trulens_eval.feedback.provider.dummy"}, "bases": [{"name": "DummyProvider", "module": {"package_name": "trulens_eval.feedback.provider", "module_name": "trulens_eval.feedback.provider.dummy"}, "bases": null}, {"name": "LLMProvider", "module": {"package_name": "trulens_eval.feedback.provider", "module_name": "trulens_eval.feedback.provider.base"}, "bases": null}, {"name": "Provider", "module": {"package_name": "trulens_eval.feedback.provider", "module_name": "trulens_eval.feedback.provider.base"}, "bases": null}, {"name": "WithClassInfo", "module": {"package_name": "trulens_eval.utils", "module_name": "trulens_eval.utils.pyschema"}, "bases": null}, {"name": "SerialModel", "module": {"package_name": "trulens_eval.utils", "module_name": "trulens_eval.utils.serial"}, "bases": null}, {"name": "BaseModel", "module": {"package_name": "pydantic", "module_name": "pydantic.main"}, "bases": null}, {"name": "object", "module": {"package_name": "", "module_name": "builtins"}, "bases": null}]}, "endpoint": {"tru_class_info": {"name": "DummyEndpoint", "module": {"package_name": "trulens_eval.feedback.provider.endpoint", "module_name": "trulens_eval.feedback.provider.endpoint.dummy"}, "bases": [{"name": "DummyEndpoint", "module": {"package_name": "trulens_eval.feedback.provider.endpoint", "module_name": "trulens_eval.feedback.provider.endpoint.dummy"}, "bases": null}, {"name": "Endpoint", "module": {"package_name": "trulens_eval.feedback.provider.endpoint", "module_name": "trulens_eval.feedback.provider.endpoint.base"}, "bases": null}, {"name": "WithClassInfo", "module": {"package_name": "trulens_eval.utils", "module_name": "trulens_eval.utils.pyschema"}, "bases": null}, {"name": "SerialModel", "module": {"package_name": "trulens_eval.utils", "module_name": "trulens_eval.utils.serial"}, "bases": null}, {"name": "BaseModel", "module": {"package_name": "pydantic", "module_name": "pydantic.main"}, "bases": null}, {"name": "SingletonPerName", "module": {"package_name": "trulens_eval.utils", "module_name": "trulens_eval.utils.python"}, "bases": null}, {"name": "Generic", "module": {"package_name": "", "module_name": "typing"}, "bases": null}, {"name": "object", "module": {"package_name": "", "module_name": "builtins"}, "bases": null}]}, "name": "dummyendpoint", "rpm": 60.0, "retries": 3, "api": {"loading_prob": 0.0, "loading_time": {"__tru_non_serialized_object": {"cls": {"name": "function", "module": {"package_name": "", "module_name": "builtins"}, "bases": null}, "id": 5484417152, "init_bindings": null}}, "error_prob": 0.0, "freeze_prob": 0.0, "overloaded_prob": 0.0, "alloc": 0, "delay": 0.0, "seed": 3735928559, "random": {"__tru_non_serialized_object": {"cls": {"name": "Random", "module": {"package_name": "", "module_name": "random"}, "bases": null}, "id": 5487767584, "init_bindings": null}}, "np_random": {"__tru_non_serialized_object": {"cls": {"name": "RandomState", "module": {"package_name": "numpy.random", "module_name": "numpy.random.mtrand"}, "bases": null}, "id": 6146870336, "init_bindings": null}}}}, "model_engine": "dummymodel"}}}, "name": "context_relevance"}, "aggregator": null, "combinations": "product", "feedback_definition_id": "feedback_definition_hash_48c4bef597636a470e53a76a26f61c67", "if_exists": null, "if_missing": "error", "selectors": {"question": "__record__.main_input", "context": "__record__.main_output"}, "supplied_name": null, "higher_is_better": true}