{"record_id": "record_hash_be8605f26d5f8c43a33e63cd21820775", "app_id": "customapp", "cost": {"n_requests": 0, "n_successful_requests": 0, "n_classes": 0, "n_tokens": 0, "n_stream_chunks": 0, "n_prompt_tokens": 0, "n_completion_tokens": 0, "cost": 0.0}, "perf": {"start_time": "2024-06-26T15:13:30.120422", "end_time": "2024-06-26T15:13:30.330467"}, "ts": "2024-06-26T15:13:30.330504", "tags": "-", "meta": null, "main_input": "hello", "main_output": "The answer to hello is probably my original response is 'Relevant chunk: HELLO','Relevant chunk: olleholleholleh' or something ...", "main_error": null, "calls": [{"call_id": "1aef8e9f-eb62-4fa1-9eb5-4b6413cda113", "stack": [{"path": "app", "method": {"obj": {"cls": {"name": "CustomApp", "module": {"package_name": "examples.expositional.end2end_apps.custom_app", "module_name": "examples.expositional.end2end_apps.custom_app.custom_app"}, "bases": null}, "id": 6076069072, "init_bindings": null}, "name": "respond_to_query"}}, {"path": "app.agents[0]", "method": {"obj": {"cls": {"name": "CustomAgent", "module": {"package_name": "examples.expositional.end2end_apps.custom_app", "module_name": "examples.expositional.end2end_apps.custom_app.custom_agent"}, "bases": null}, "id": 6076065808, "init_bindings": null}, "name": "invoke"}}], "args": {"data": "hello"}, "rets": "Record placeholder", "error": null, "perf": {"start_time": "2024-06-26T15:13:30.147439", "end_time": "2024-06-26T15:13:30.151983"}, "pid": 38368, "tid": 5661867}, {"call_id": "89c6cf06-626a-47b2-a8ca-3d56960f895e", "stack": [{"path": "app", "method": {"obj": {"cls": {"name": "CustomApp", "module": {"package_name": "examples.expositional.end2end_apps.custom_app", "module_name": "examples.expositional.end2end_apps.custom_app.custom_app"}, "bases": null}, "id": 6076069072, "init_bindings": null}, "name": "respond_to_query"}}, {"path": "app.agents[1]", "method": {"obj": {"cls": {"name": "CustomAgent", "module": {"package_name": "examples.expositional.end2end_apps.custom_app", "module_name": "examples.expositional.end2end_apps.custom_app.custom_agent"}, "bases": null}, "id": 6076065808, "init_bindings": null}, "name": "invoke"}}], "args": {"data": "hello"}, "rets": "Record placeholder", "error": null, "perf": {"start_time": "2024-06-26T15:13:30.166551", "end_time": "2024-06-26T15:13:30.171049"}, "pid": 38368, "tid": 5661867}, {"call_id": "1a247d56-81e6-442c-ac0d-e138ab315eed", "stack": [{"path": "app", "method": {"obj": {"cls": {"name": "CustomApp", "module": {"package_name": "examples.expositional.end2end_apps.custom_app", "module_name": "examples.expositional.end2end_apps.custom_app.custom_app"}, "bases": null}, "id": 6076069072, "init_bindings": null}, "name": "respond_to_query"}}, {"path": "app", "method": {"obj": {"cls": {"name": "CustomApp", "module": {"package_name": "examples.expositional.end2end_apps.custom_app", "module_name": "examples.expositional.end2end_apps.custom_app.custom_app"}, "bases": null}, "id": 6076069072, "init_bindings": null}, "name": "get_context"}}, {"path": "app.retriever", "method": {"obj": {"cls": {"name": "CustomRetriever", "module": {"package_name": "examples.expositional.end2end_apps.custom_app", "module_name": "examples.expositional.end2end_apps.custom_app.custom_retriever"}, "bases": null}, "id": 6076069600, "init_bindings": null}, "name": "retrieve_chunks"}}], "args": {"data": "hello"}, "rets": ["Relevant chunk: HELLO", "Relevant chunk: olleholleholleh"], "error": null, "perf": {"start_time": "2024-06-26T15:13:30.204757", "end_time": "2024-06-26T15:13:30.209454"}, "pid": 38368, "tid": 5661867}, {"call_id": "3b3ac396-53a9-48b5-8e4d-f41299d53ee7", "stack": [{"path": "app", "method": {"obj": {"cls": {"name": "CustomApp", "module": {"package_name": "examples.expositional.end2end_apps.custom_app", "module_name": "examples.expositional.end2end_apps.custom_app.custom_app"}, "bases": null}, "id": 6076069072, "init_bindings": null}, "name": "respond_to_query"}}, {"path": "app", "method": {"obj": {"cls": {"name": "CustomApp", "module": {"package_name": "examples.expositional.end2end_apps.custom_app", "module_name": "examples.expositional.end2end_apps.custom_app.custom_app"}, "bases": null}, "id": 6076069072, "init_bindings": null}, "name": "get_context"}}, {"path": "app.reranker", "method": {"obj": {"cls": {"name": "CustomReranker", "module": {"package_name": "examples.expositional.end2end_apps.custom_app", "module_name": "examples.expositional.end2end_apps.custom_app.custom_reranker"}, "bases": null}, "id": 6076065184, "init_bindings": null}, "name": "rerank"}}], "args": {"query_text": "hello", "chunks": ["Relevant chunk: HELLO", "Relevant chunk: olleholleholleh"], "chunk_scores": null}, "rets": [["Relevant chunk: HELLO", 16.0], ["Relevant chunk: olleholleholleh", 26.0]], "error": null, "perf": {"start_time": "2024-06-26T15:13:30.224513", "end_time": "2024-06-26T15:13:30.229061"}, "pid": 38368, "tid": 5661867}, {"call_id": "354ac521-6424-4c5f-9619-dbd351d01b71", "stack": [{"path": "app", "method": {"obj": {"cls": {"name": "CustomApp", "module": {"package_name": "examples.expositional.end2end_apps.custom_app", "module_name": "examples.expositional.end2end_apps.custom_app.custom_app"}, "bases": null}, "id": 6076069072, "init_bindings": null}, "name": "respond_to_query"}}, {"path": "app", "method": {"obj": {"cls": {"name": "CustomApp", "module": {"package_name": "examples.expositional.end2end_apps.custom_app", "module_name": "examples.expositional.end2end_apps.custom_app.custom_app"}, "bases": null}, "id": 6076069072, "init_bindings": null}, "name": "get_context"}}, {"path": "app", "method": {"obj": {"cls": {"name": "CustomApp", "module": {"package_name": "examples.expositional.end2end_apps.custom_app", "module_name": "examples.expositional.end2end_apps.custom_app.custom_app"}, "bases": null}, "id": 6076069072, "init_bindings": null}, "name": "process_chunk_by_random_tool"}}, {"path": "app.tools[0]", "method": {"obj": {"cls": {"name": "CustomTool", "module": {"package_name": "examples.expositional.end2end_apps.custom_app", "module_name": "examples.expositional.end2end_apps.custom_app.custom_tool"}, "bases": null}, "id": 6076069360, "init_bindings": null}, "name": "invoke"}}], "args": {"data": "Relevant chunk: HELLO"}, "rets": "'Relevant chunk: HELLO'", "error": null, "perf": {"start_time": "2024-06-26T15:13:30.244925", "end_time": "2024-06-26T15:13:30.248863"}, "pid": 38368, "tid": 5661911}, {"call_id": "1651e36e-4e3c-4fde-b60a-ac52eb891b6d", "stack": [{"path": "app", "method": {"obj": {"cls": {"name": "CustomApp", "module": {"package_name": "examples.expositional.end2end_apps.custom_app", "module_name": "examples.expositional.end2end_apps.custom_app.custom_app"}, "bases": null}, "id": 6076069072, "init_bindings": null}, "name": "respond_to_query"}}, {"path": "app", "method": {"obj": {"cls": {"name": "CustomApp", "module": {"package_name": "examples.expositional.end2end_apps.custom_app", "module_name": "examples.expositional.end2end_apps.custom_app.custom_app"}, "bases": null}, "id": 6076069072, "init_bindings": null}, "name": "get_context"}}, {"path": "app", "method": {"obj": {"cls": {"name": "CustomApp", "module": {"package_name": "examples.expositional.end2end_apps.custom_app", "module_name": "examples.expositional.end2end_apps.custom_app.custom_app"}, "bases": null}, "id": 6076069072, "init_bindings": null}, "name": "process_chunk_by_random_tool"}}], "args": {"chunk_and_score": ["Relevant chunk: HELLO", 16.0]}, "rets": "'Relevant chunk: HELLO'", "error": null, "perf": {"start_time": "2024-06-26T15:13:30.239748", "end_time": "2024-06-26T15:13:30.248889"}, "pid": 38368, "tid": 5661911}, {"call_id": "fae4136f-fa19-45ba-9daa-26398c02f795", "stack": [{"path": "app", "method": {"obj": {"cls": {"name": "CustomApp", "module": {"package_name": "examples.expositional.end2end_apps.custom_app", "module_name": "examples.expositional.end2end_apps.custom_app.custom_app"}, "bases": null}, "id": 6076069072, "init_bindings": null}, "name": "respond_to_query"}}, {"path": "app", "method": {"obj": {"cls": {"name": "CustomApp", "module": {"package_name": "examples.expositional.end2end_apps.custom_app", "module_name": "examples.expositional.end2end_apps.custom_app.custom_app"}, "bases": null}, "id": 6076069072, "init_bindings": null}, "name": "get_context"}}, {"path": "app", "method": {"obj": {"cls": {"name": "CustomApp", "module": {"package_name": "examples.expositional.end2end_apps.custom_app", "module_name": "examples.expositional.end2end_apps.custom_app.custom_app"}, "bases": null}, "id": 6076069072, "init_bindings": null}, "name": "process_chunk_by_random_tool"}}, {"path": "app.tools[3]", "method": {"obj": {"cls": {"name": "CustomStackTool", "module": {"package_name": "examples.expositional.end2end_apps.custom_app", "module_name": "examples.expositional.end2end_apps.custom_app.custom_tool"}, "bases": null}, "id": 6076069360, "init_bindings": null}, "name": "invoke"}}], "args": {"data": "Relevant chunk: olleholleholleh"}, "rets": "'Relevant chunk: olleholleholleh'", "error": null, "perf": {"start_time": "2024-06-26T15:13:30.250382", "end_time": "2024-06-26T15:13:30.251348"}, "pid": 38368, "tid": 5661912}, {"call_id": "5a18d92b-3fdc-417e-98ef-d9eda8d7b65f", "stack": [{"path": "app", "method": {"obj": {"cls": {"name": "CustomApp", "module": {"package_name": "examples.expositional.end2end_apps.custom_app", "module_name": "examples.expositional.end2end_apps.custom_app.custom_app"}, "bases": null}, "id": 6076069072, "init_bindings": null}, "name": "respond_to_query"}}, {"path": "app", "method": {"obj": {"cls": {"name": "CustomApp", "module": {"package_name": "examples.expositional.end2end_apps.custom_app", "module_name": "examples.expositional.end2end_apps.custom_app.custom_app"}, "bases": null}, "id": 6076069072, "init_bindings": null}, "name": "get_context"}}, {"path": "app", "method": {"obj": {"cls": {"name": "CustomApp", "module": {"package_name": "examples.expositional.end2end_apps.custom_app", "module_name": "examples.expositional.end2end_apps.custom_app.custom_app"}, "bases": null}, "id": 6076069072, "init_bindings": null}, "name": "process_chunk_by_random_tool"}}], "args": {"chunk_and_score": ["Relevant chunk: olleholleholleh", 26.0]}, "rets": "'Relevant chunk: olleholleholleh'", "error": null, "perf": {"start_time": "2024-06-26T15:13:30.247838", "end_time": "2024-06-26T15:13:30.251369"}, "pid": 38368, "tid": 5661912}, {"call_id": "7a6b4a4c-c3b3-4c3c-8301-c891a0a10231", "stack": [{"path": "app", "method": {"obj": {"cls": {"name": "CustomApp", "module": {"package_name": "examples.expositional.end2end_apps.custom_app", "module_name": "examples.expositional.end2end_apps.custom_app.custom_app"}, "bases": null}, "id": 6076069072, "init_bindings": null}, "name": "respond_to_query"}}, {"path": "app", "method": {"obj": {"cls": {"name": "CustomApp", "module": {"package_name": "examples.expositional.end2end_apps.custom_app", "module_name": "examples.expositional.end2end_apps.custom_app.custom_app"}, "bases": null}, "id": 6076069072, "init_bindings": null}, "name": "get_context"}}], "args": {"input": "hello"}, "rets": ["'Relevant chunk: HELLO'", "'Relevant chunk: olleholleholleh'"], "error": null, "perf": {"start_time": "2024-06-26T15:13:30.185249", "end_time": "2024-06-26T15:13:30.251419"}, "pid": 38368, "tid": 5661867}, {"call_id": "6d83805a-85ea-45ef-803b-670e7060590c", "stack": [{"path": "app", "method": {"obj": {"cls": {"name": "CustomApp", "module": {"package_name": "examples.expositional.end2end_apps.custom_app", "module_name": "examples.expositional.end2end_apps.custom_app.custom_app"}, "bases": null}, "id": 6076069072, "init_bindings": null}, "name": "respond_to_query"}}, {"path": "app.memory", "method": {"obj": {"cls": {"name": "CustomMemory", "module": {"package_name": "examples.expositional.end2end_apps.custom_app", "module_name": "examples.expositional.end2end_apps.custom_app.custom_memory"}, "bases": null}, "id": 6076069024, "init_bindings": null}, "name": "remember"}}], "args": {"data": "hello"}, "rets": null, "error": null, "perf": {"start_time": "2024-06-26T15:13:30.265546", "end_time": "2024-06-26T15:13:30.270109"}, "pid": 38368, "tid": 5661867}, {"call_id": "6a14c950-abbc-4466-9632-12909295befe", "stack": [{"path": "app", "method": {"obj": {"cls": {"name": "CustomApp", "module": {"package_name": "examples.expositional.end2end_apps.custom_app", "module_name": "examples.expositional.end2end_apps.custom_app.custom_app"}, "bases": null}, "id": 6076069072, "init_bindings": null}, "name": "respond_to_query"}}, {"path": "app.llm", "method": {"obj": {"cls": {"name": "CustomLLM", "module": {"package_name": "examples.expositional.end2end_apps.custom_app", "module_name": "examples.expositional.end2end_apps.custom_app.custom_llm"}, "bases": null}, "id": 6076068928, "init_bindings": null}, "name": "generate"}}], "args": {"prompt": "'Relevant chunk: HELLO','Relevant chunk: olleholleholleh'"}, "rets": "my original response is 'Relevant chunk: HELLO','Relevant chunk: olleholleholleh'", "error": null, "perf": {"start_time": "2024-06-26T15:13:30.283957", "end_time": "2024-06-26T15:13:30.292209"}, "pid": 38368, "tid": 5661867}, {"call_id": "58f98481-59be-48c4-a64e-ed8cddec5445", "stack": [{"path": "app", "method": {"obj": {"cls": {"name": "CustomApp", "module": {"package_name": "examples.expositional.end2end_apps.custom_app", "module_name": "examples.expositional.end2end_apps.custom_app.custom_app"}, "bases": null}, "id": 6076069072, "init_bindings": null}, "name": "respond_to_query"}}, {"path": "app.template", "method": {"obj": {"cls": {"name": "CustomTemplate", "module": {"package_name": "examples.expositional.end2end_apps.custom_app", "module_name": "examples.expositional.end2end_apps.custom_app.custom_app"}, "bases": null}, "id": 6076065712, "init_bindings": null}, "name": "fill"}}], "args": {"question": "hello", "answer": "my original response is 'Relevant chunk: HELLO','Relevant chunk: olleholleholleh'"}, "rets": "The answer to hello is probably my original response is 'Relevant chunk: HELLO','Relevant chunk: olleholleholleh' or something ...", "error": null, "perf": {"start_time": "2024-06-26T15:13:30.306759", "end_time": "2024-06-26T15:13:30.311297"}, "pid": 38368, "tid": 5661867}, {"call_id": "5c7c86d1-a3e8-47b5-bb26-d3b882da9493", "stack": [{"path": "app", "method": {"obj": {"cls": {"name": "CustomApp", "module": {"package_name": "examples.expositional.end2end_apps.custom_app", "module_name": "examples.expositional.end2end_apps.custom_app.custom_app"}, "bases": null}, "id": 6076069072, "init_bindings": null}, "name": "respond_to_query"}}, {"path": "app.memory", "method": {"obj": {"cls": {"name": "CustomMemory", "module": {"package_name": "examples.expositional.end2end_apps.custom_app", "module_name": "examples.expositional.end2end_apps.custom_app.custom_memory"}, "bases": null}, "id": 6076069024, "init_bindings": null}, "name": "remember"}}], "args": {"data": "The answer to hello is probably my original response is 'Relevant chunk: HELLO','Relevant chunk: olleholleholleh' or something ..."}, "rets": null, "error": null, "perf": {"start_time": "2024-06-26T15:13:30.325974", "end_time": "2024-06-26T15:13:30.330451"}, "pid": 38368, "tid": 5661867}, {"call_id": "924da4b9-c131-4a2c-8fd1-f30df867df36", "stack": [{"path": "app", "method": {"obj": {"cls": {"name": "CustomApp", "module": {"package_name": "examples.expositional.end2end_apps.custom_app", "module_name": "examples.expositional.end2end_apps.custom_app.custom_app"}, "bases": null}, "id": 6076069072, "init_bindings": null}, "name": "respond_to_query"}}], "args": {"query": "hello"}, "rets": "The answer to hello is probably my original response is 'Relevant chunk: HELLO','Relevant chunk: olleholleholleh' or something ...", "error": null, "perf": {"start_time": "2024-06-26T15:13:30.120422", "end_time": "2024-06-26T15:13:30.330467"}, "pid": 38368, "tid": 5661867}]}