{
  "record_id": "record_hash_4b7c84509112f9f4774fcfd2904346d6",
  "app_id": "customapp",
  "cost": {
    "n_requests": 0,
    "n_successful_requests": 0,
    "n_classes": 0,
    "n_tokens": 0,
    "n_stream_chunks": 0,
    "n_prompt_tokens": 0,
    "n_completion_tokens": 0,
    "cost": 0.0
  },
  "perf": {
    "start_time": "2024-07-19T17:56:20.151846",
    "end_time": "2024-07-19T17:56:20.376333"
  },
  "ts": "2024-07-19T17:56:20.376368",
  "tags": "-",
  "meta": null,
  "main_input": "hello",
  "main_output": "This is my response to a prompt of length 166 with a model derp with temperature 0.5.",
  "main_error": null,
  "calls": [
    {
      "call_id": "fb0c9cb8-dffd-46f2-99d9-fa24ebf14d9a",
      "stack": [
        {
          "path": "app",
          "method": {
            "obj": {
              "cls": {
                "name": "DummyApp",
                "module": {
                  "package_name": "examples.dev.dummy_app",
                  "module_name": "examples.dev.dummy_app.app"
                },
                "bases": null
              },
              "id": 6401910800,
              "init_bindings": null
            },
            "name": "respond_to_query"
          }
        },
        {
          "path": "app.agents[0]",
          "method": {
            "obj": {
              "cls": {
                "name": "DummyAgent",
                "module": {
                  "package_name": "examples.dev.dummy_app",
                  "module_name": "examples.dev.dummy_app.agent"
                },
                "bases": null
              },
              "id": 6401911616,
              "init_bindings": null
            },
            "name": "invoke"
          }
        }
      ],
      "args": {
        "data": "hello"
      },
      "rets": "Record placeholder",
      "error": null,
      "perf": {
        "start_time": "2024-07-19T17:56:20.178564",
        "end_time": "2024-07-19T17:56:20.182875"
      },
      "pid": 94703,
      "tid": 8996683
    },
    {
      "call_id": "c9932d09-170c-45e4-9d6e-0f2a1ffd0392",
      "stack": [
        {
          "path": "app",
          "method": {
            "obj": {
              "cls": {
                "name": "DummyApp",
                "module": {
                  "package_name": "examples.dev.dummy_app",
                  "module_name": "examples.dev.dummy_app.app"
                },
                "bases": null
              },
              "id": 6401910800,
              "init_bindings": null
            },
            "name": "respond_to_query"
          }
        },
        {
          "path": "app.agents[1]",
          "method": {
            "obj": {
              "cls": {
                "name": "DummyAgent",
                "module": {
                  "package_name": "examples.dev.dummy_app",
                  "module_name": "examples.dev.dummy_app.agent"
                },
                "bases": null
              },
              "id": 6401911616,
              "init_bindings": null
            },
            "name": "invoke"
          }
        }
      ],
      "args": {
        "data": "hello"
      },
      "rets": "Record placeholder",
      "error": null,
      "perf": {
        "start_time": "2024-07-19T17:56:20.196782",
        "end_time": "2024-07-19T17:56:20.201027"
      },
      "pid": 94703,
      "tid": 8996683
    },
    {
      "call_id": "783c073f-21aa-46c0-8a35-91ec07197eed",
      "stack": [
        {
          "path": "app",
          "method": {
            "obj": {
              "cls": {
                "name": "DummyApp",
                "module": {
                  "package_name": "examples.dev.dummy_app",
                  "module_name": "examples.dev.dummy_app.app"
                },
                "bases": null
              },
              "id": 6401910800,
              "init_bindings": null
            },
            "name": "respond_to_query"
          }
        },
        {
          "path": "app",
          "method": {
            "obj": {
              "cls": {
                "name": "DummyApp",
                "module": {
                  "package_name": "examples.dev.dummy_app",
                  "module_name": "examples.dev.dummy_app.app"
                },
                "bases": null
              },
              "id": 6401910800,
              "init_bindings": null
            },
            "name": "get_context"
          }
        },
        {
          "path": "app.retriever",
          "method": {
            "obj": {
              "cls": {
                "name": "DummyRetriever",
                "module": {
                  "package_name": "examples.dev.dummy_app",
                  "module_name": "examples.dev.dummy_app.retriever"
                },
                "bases": null
              },
              "id": 6401910992,
              "init_bindings": null
            },
            "name": "retrieve_chunks"
          }
        }
      ],
      "args": {
        "data": "hello"
      },
      "rets": [
        "Relevant chunk: HELLO",
        "Relevant chunk: olleholleholleh"
      ],
      "error": null,
      "perf": {
        "start_time": "2024-07-19T17:56:20.233793",
        "end_time": "2024-07-19T17:56:20.238039"
      },
      "pid": 94703,
      "tid": 8996683
    },
    {
      "call_id": "d32e3dee-a7c9-49a2-a2a8-337d53f5517e",
      "stack": [
        {
          "path": "app",
          "method": {
            "obj": {
              "cls": {
                "name": "DummyApp",
                "module": {
                  "package_name": "examples.dev.dummy_app",
                  "module_name": "examples.dev.dummy_app.app"
                },
                "bases": null
              },
              "id": 6401910800,
              "init_bindings": null
            },
            "name": "respond_to_query"
          }
        },
        {
          "path": "app",
          "method": {
            "obj": {
              "cls": {
                "name": "DummyApp",
                "module": {
                  "package_name": "examples.dev.dummy_app",
                  "module_name": "examples.dev.dummy_app.app"
                },
                "bases": null
              },
              "id": 6401910800,
              "init_bindings": null
            },
            "name": "get_context"
          }
        },
        {
          "path": "app.reranker",
          "method": {
            "obj": {
              "cls": {
                "name": "DummyReranker",
                "module": {
                  "package_name": "examples.dev.dummy_app",
                  "module_name": "examples.dev.dummy_app.reranker"
                },
                "bases": null
              },
              "id": 6401911568,
              "init_bindings": null
            },
            "name": "rerank"
          }
        }
      ],
      "args": {
        "query_text": "hello",
        "chunks": [
          "Relevant chunk: HELLO",
          "Relevant chunk: olleholleholleh"
        ],
        "chunk_scores": null
      },
      "rets": [
        [
          "Relevant chunk: HELLO",
          16.0
        ],
        [
          "Relevant chunk: olleholleholleh",
          26.0
        ]
      ],
      "error": null,
      "perf": {
        "start_time": "2024-07-19T17:56:20.252214",
        "end_time": "2024-07-19T17:56:20.256525"
      },
      "pid": 94703,
      "tid": 8996683
    },
    {
      "call_id": "1516cdc9-f622-480f-96d6-ae042f2d9c96",
      "stack": [
        {
          "path": "app",
          "method": {
            "obj": {
              "cls": {
                "name": "DummyApp",
                "module": {
                  "package_name": "examples.dev.dummy_app",
                  "module_name": "examples.dev.dummy_app.app"
                },
                "bases": null
              },
              "id": 6401910800,
              "init_bindings": null
            },
            "name": "respond_to_query"
          }
        },
        {
          "path": "app",
          "method": {
            "obj": {
              "cls": {
                "name": "DummyApp",
                "module": {
                  "package_name": "examples.dev.dummy_app",
                  "module_name": "examples.dev.dummy_app.app"
                },
                "bases": null
              },
              "id": 6401910800,
              "init_bindings": null
            },
            "name": "get_context"
          }
        },
        {
          "path": "app",
          "method": {
            "obj": {
              "cls": {
                "name": "DummyApp",
                "module": {
                  "package_name": "examples.dev.dummy_app",
                  "module_name": "examples.dev.dummy_app.app"
                },
                "bases": null
              },
              "id": 6401910800,
              "init_bindings": null
            },
            "name": "process_chunk_by_tool"
          }
        },
        {
          "path": "app.tools[1]",
          "method": {
            "obj": {
              "cls": {
                "name": "DummyTool",
                "module": {
                  "package_name": "examples.dev.dummy_app",
                  "module_name": "examples.dev.dummy_app.tool"
                },
                "bases": null
              },
              "id": 6401904800,
              "init_bindings": null
            },
            "name": "invoke"
          }
        }
      ],
      "args": {
        "data": "Relevant chunk: olleholleholleh"
      },
      "rets": "'Relevant chunk: olleholleholleh'",
      "error": null,
      "perf": {
        "start_time": "2024-07-19T17:56:20.279626",
        "end_time": "2024-07-19T17:56:20.283467"
      },
      "pid": 94703,
      "tid": 8996747
    },
    {
      "call_id": "79370559-dd3f-42a5-ac1f-b00b78d70337",
      "stack": [
        {
          "path": "app",
          "method": {
            "obj": {
              "cls": {
                "name": "DummyApp",
                "module": {
                  "package_name": "examples.dev.dummy_app",
                  "module_name": "examples.dev.dummy_app.app"
                },
                "bases": null
              },
              "id": 6401910800,
              "init_bindings": null
            },
            "name": "respond_to_query"
          }
        },
        {
          "path": "app",
          "method": {
            "obj": {
              "cls": {
                "name": "DummyApp",
                "module": {
                  "package_name": "examples.dev.dummy_app",
                  "module_name": "examples.dev.dummy_app.app"
                },
                "bases": null
              },
              "id": 6401910800,
              "init_bindings": null
            },
            "name": "get_context"
          }
        },
        {
          "path": "app",
          "method": {
            "obj": {
              "cls": {
                "name": "DummyApp",
                "module": {
                  "package_name": "examples.dev.dummy_app",
                  "module_name": "examples.dev.dummy_app.app"
                },
                "bases": null
              },
              "id": 6401910800,
              "init_bindings": null
            },
            "name": "process_chunk_by_tool"
          }
        }
      ],
      "args": {
        "chunk_and_score": [
          "Relevant chunk: olleholleholleh",
          26.0
        ],
        "tool_num": 1
      },
      "rets": "'Relevant chunk: olleholleholleh'",
      "error": null,
      "perf": {
        "start_time": "2024-07-19T17:56:20.275933",
        "end_time": "2024-07-19T17:56:20.283495"
      },
      "pid": 94703,
      "tid": 8996747
    },
    {
      "call_id": "6b3f40c6-ae8e-4f1b-b109-ad5bfee206f3",
      "stack": [
        {
          "path": "app",
          "method": {
            "obj": {
              "cls": {
                "name": "DummyApp",
                "module": {
                  "package_name": "examples.dev.dummy_app",
                  "module_name": "examples.dev.dummy_app.app"
                },
                "bases": null
              },
              "id": 6401910800,
              "init_bindings": null
            },
            "name": "respond_to_query"
          }
        },
        {
          "path": "app",
          "method": {
            "obj": {
              "cls": {
                "name": "DummyApp",
                "module": {
                  "package_name": "examples.dev.dummy_app",
                  "module_name": "examples.dev.dummy_app.app"
                },
                "bases": null
              },
              "id": 6401910800,
              "init_bindings": null
            },
            "name": "get_context"
          }
        },
        {
          "path": "app",
          "method": {
            "obj": {
              "cls": {
                "name": "DummyApp",
                "module": {
                  "package_name": "examples.dev.dummy_app",
                  "module_name": "examples.dev.dummy_app.app"
                },
                "bases": null
              },
              "id": 6401910800,
              "init_bindings": null
            },
            "name": "process_chunk_by_tool"
          }
        },
        {
          "path": "app.tools[0]",
          "method": {
            "obj": {
              "cls": {
                "name": "DummyStackTool",
                "module": {
                  "package_name": "examples.dev.dummy_app",
                  "module_name": "examples.dev.dummy_app.tool"
                },
                "bases": null
              },
              "id": 6401901824,
              "init_bindings": null
            },
            "name": "invoke"
          }
        }
      ],
      "args": {
        "data": "Relevant chunk: HELLO"
      },
      "rets": "<table>\n\n            <tr>\n                <td>examples.dev.dummy_app.tool</td>\n                <td>save_stack</td>\n            </tr>\n            \n            <tr>\n                <td>examples.dev.dummy_app.tool</td>\n                <td>invoke</td>\n            </tr>\n            \n            <tr>\n                <td>examples.dev.dummy_app.app</td>\n                <td>process_chunk_by_tool</td>\n            </tr>\n            \n            <tr>\n                <td>examples.dev.dummy_app.app</td>\n                <td><genexpr></td>\n            </tr>\n            \n            <tr>\n                <td>examples.dev.dummy_app.app</td>\n                <td>get_context</td>\n            </tr>\n            \n            <tr>\n                <td>examples.dev.dummy_app.app</td>\n                <td>respond_to_query</td>\n            </tr>\n            \n            <tr>\n                <td>examples.dev.dummy_app.app</td>\n                <td><genexpr></td>\n            </tr>\n            \n            <tr>\n                <td>examples.dev.dummy_app.app</td>\n                <td>get_context</td>\n            </tr>\n            \n            <tr>\n                <td>examples.dev.dummy_app.app</td>\n                <td>respond_to_query</td>\n            </tr>\n            </table>\n",
      "error": null,
      "perf": {
        "start_time": "2024-07-19T17:56:20.272981",
        "end_time": "2024-07-19T17:56:20.284002"
      },
      "pid": 94703,
      "tid": 8996746
    },
    {
      "call_id": "0b361c0a-c1b0-4ea5-99f4-b49c488b5327",
      "stack": [
        {
          "path": "app",
          "method": {
            "obj": {
              "cls": {
                "name": "DummyApp",
                "module": {
                  "package_name": "examples.dev.dummy_app",
                  "module_name": "examples.dev.dummy_app.app"
                },
                "bases": null
              },
              "id": 6401910800,
              "init_bindings": null
            },
            "name": "respond_to_query"
          }
        },
        {
          "path": "app",
          "method": {
            "obj": {
              "cls": {
                "name": "DummyApp",
                "module": {
                  "package_name": "examples.dev.dummy_app",
                  "module_name": "examples.dev.dummy_app.app"
                },
                "bases": null
              },
              "id": 6401910800,
              "init_bindings": null
            },
            "name": "get_context"
          }
        },
        {
          "path": "app",
          "method": {
            "obj": {
              "cls": {
                "name": "DummyApp",
                "module": {
                  "package_name": "examples.dev.dummy_app",
                  "module_name": "examples.dev.dummy_app.app"
                },
                "bases": null
              },
              "id": 6401910800,
              "init_bindings": null
            },
            "name": "process_chunk_by_tool"
          }
        }
      ],
      "args": {
        "chunk_and_score": [
          "Relevant chunk: HELLO",
          16.0
        ],
        "tool_num": 0
      },
      "rets": "<table>\n\n            <tr>\n                <td>examples.dev.dummy_app.tool</td>\n                <td>save_stack</td>\n            </tr>\n            \n            <tr>\n                <td>examples.dev.dummy_app.tool</td>\n                <td>invoke</td>\n            </tr>\n            \n            <tr>\n                <td>examples.dev.dummy_app.app</td>\n                <td>process_chunk_by_tool</td>\n            </tr>\n            \n            <tr>\n                <td>examples.dev.dummy_app.app</td>\n                <td><genexpr></td>\n            </tr>\n            \n            <tr>\n                <td>examples.dev.dummy_app.app</td>\n                <td>get_context</td>\n            </tr>\n            \n            <tr>\n                <td>examples.dev.dummy_app.app</td>\n                <td>respond_to_query</td>\n            </tr>\n            \n            <tr>\n                <td>examples.dev.dummy_app.app</td>\n                <td><genexpr></td>\n            </tr>\n            \n            <tr>\n                <td>examples.dev.dummy_app.app</td>\n                <td>get_context</td>\n            </tr>\n            \n            <tr>\n                <td>examples.dev.dummy_app.app</td>\n                <td>respond_to_query</td>\n            </tr>\n            </table>\n",
      "error": null,
      "perf": {
        "start_time": "2024-07-19T17:56:20.267539",
        "end_time": "2024-07-19T17:56:20.284021"
      },
      "pid": 94703,
      "tid": 8996746
    },
    {
      "call_id": "ffef08ab-3224-48e2-a01c-30e7ecc81a24",
      "stack": [
        {
          "path": "app",
          "method": {
            "obj": {
              "cls": {
                "name": "DummyApp",
                "module": {
                  "package_name": "examples.dev.dummy_app",
                  "module_name": "examples.dev.dummy_app.app"
                },
                "bases": null
              },
              "id": 6401910800,
              "init_bindings": null
            },
            "name": "respond_to_query"
          }
        },
        {
          "path": "app",
          "method": {
            "obj": {
              "cls": {
                "name": "DummyApp",
                "module": {
                  "package_name": "examples.dev.dummy_app",
                  "module_name": "examples.dev.dummy_app.app"
                },
                "bases": null
              },
              "id": 6401910800,
              "init_bindings": null
            },
            "name": "get_context"
          }
        }
      ],
      "args": {
        "query": "hello"
      },
      "rets": [
        "<table>\n\n            <tr>\n                <td>examples.dev.dummy_app.tool</td>\n                <td>save_stack</td>\n            </tr>\n            \n            <tr>\n                <td>examples.dev.dummy_app.tool</td>\n                <td>invoke</td>\n            </tr>\n            \n            <tr>\n                <td>examples.dev.dummy_app.app</td>\n                <td>process_chunk_by_tool</td>\n            </tr>\n            \n            <tr>\n                <td>examples.dev.dummy_app.app</td>\n                <td><genexpr></td>\n            </tr>\n            \n            <tr>\n                <td>examples.dev.dummy_app.app</td>\n                <td>get_context</td>\n            </tr>\n            \n            <tr>\n                <td>examples.dev.dummy_app.app</td>\n                <td>respond_to_query</td>\n            </tr>\n            \n            <tr>\n                <td>examples.dev.dummy_app.app</td>\n                <td><genexpr></td>\n            </tr>\n            \n            <tr>\n                <td>examples.dev.dummy_app.app</td>\n                <td>get_context</td>\n            </tr>\n            \n            <tr>\n                <td>examples.dev.dummy_app.app</td>\n                <td>respond_to_query</td>\n            </tr>\n            </table>\n",
        "'Relevant chunk: olleholleholleh'"
      ],
      "error": null,
      "perf": {
        "start_time": "2024-07-19T17:56:20.215026",
        "end_time": "2024-07-19T17:56:20.284073"
      },
      "pid": 94703,
      "tid": 8996683
    },
    {
      "call_id": "57b9bd97-11ab-4193-81e8-5f08e61473c8",
      "stack": [
        {
          "path": "app",
          "method": {
            "obj": {
              "cls": {
                "name": "DummyApp",
                "module": {
                  "package_name": "examples.dev.dummy_app",
                  "module_name": "examples.dev.dummy_app.app"
                },
                "bases": null
              },
              "id": 6401910800,
              "init_bindings": null
            },
            "name": "respond_to_query"
          }
        },
        {
          "path": "app.memory",
          "method": {
            "obj": {
              "cls": {
                "name": "DummyMemory",
                "module": {
                  "package_name": "examples.dev.dummy_app",
                  "module_name": "examples.dev.dummy_app.memory"
                },
                "bases": null
              },
              "id": 6401910896,
              "init_bindings": null
            },
            "name": "remember"
          }
        }
      ],
      "args": {
        "data": "hello"
      },
      "rets": null,
      "error": null,
      "perf": {
        "start_time": "2024-07-19T17:56:20.298027",
        "end_time": "2024-07-19T17:56:20.302100"
      },
      "pid": 94703,
      "tid": 8996683
    },
    {
      "call_id": "4007ee77-dc93-45d4-9424-f3913289a495",
      "stack": [
        {
          "path": "app",
          "method": {
            "obj": {
              "cls": {
                "name": "DummyApp",
                "module": {
                  "package_name": "examples.dev.dummy_app",
                  "module_name": "examples.dev.dummy_app.app"
                },
                "bases": null
              },
              "id": 6401910800,
              "init_bindings": null
            },
            "name": "respond_to_query"
          }
        },
        {
          "path": "app.llm",
          "method": {
            "obj": {
              "cls": {
                "name": "DummyLLM",
                "module": {
                  "package_name": "examples.dev.dummy_app",
                  "module_name": "examples.dev.dummy_app.llm"
                },
                "bases": null
              },
              "id": 6401911040,
              "init_bindings": null
            },
            "name": "generate"
          }
        }
      ],
      "args": {
        "prompt": "'Relevant chunk: olleholleholleh'"
      },
      "rets": "This is my response to a prompt of length 33 with a model derp with temperature 0.5.",
      "error": null,
      "perf": {
        "start_time": "2024-07-19T17:56:20.315995",
        "end_time": "2024-07-19T17:56:20.320222"
      },
      "pid": 94703,
      "tid": 8996683
    },
    {
      "call_id": "5c8961f9-354d-4a6f-aed9-f052ef4e6c5d",
      "stack": [
        {
          "path": "app",
          "method": {
            "obj": {
              "cls": {
                "name": "DummyApp",
                "module": {
                  "package_name": "examples.dev.dummy_app",
                  "module_name": "examples.dev.dummy_app.app"
                },
                "bases": null
              },
              "id": 6401910800,
              "init_bindings": null
            },
            "name": "respond_to_query"
          }
        },
        {
          "path": "app.template",
          "method": {
            "obj": {
              "cls": {
                "name": "DummyTemplate",
                "module": {
                  "package_name": "examples.dev.dummy_app",
                  "module_name": "examples.dev.dummy_app.template"
                },
                "bases": null
              },
              "id": 6401911184,
              "init_bindings": null
            },
            "name": "fill"
          }
        }
      ],
      "args": {
        "question": "hello",
        "context": "This is my response to a prompt of length 33 with a model derp with temperature 0.5."
      },
      "rets": "Please answer the following question given the context.\nQUESTION: hello\nCONTEXT: This is my response to a prompt of length 33 with a model derp with temperature 0.5.\n",
      "error": null,
      "perf": {
        "start_time": "2024-07-19T17:56:20.334455",
        "end_time": "2024-07-19T17:56:20.338916"
      },
      "pid": 94703,
      "tid": 8996683
    },
    {
      "call_id": "03cfe3e7-5045-40dd-b977-1df0b0cdf7c3",
      "stack": [
        {
          "path": "app",
          "method": {
            "obj": {
              "cls": {
                "name": "DummyApp",
                "module": {
                  "package_name": "examples.dev.dummy_app",
                  "module_name": "examples.dev.dummy_app.app"
                },
                "bases": null
              },
              "id": 6401910800,
              "init_bindings": null
            },
            "name": "respond_to_query"
          }
        },
        {
          "path": "app.llm",
          "method": {
            "obj": {
              "cls": {
                "name": "DummyLLM",
                "module": {
                  "package_name": "examples.dev.dummy_app",
                  "module_name": "examples.dev.dummy_app.llm"
                },
                "bases": null
              },
              "id": 6401911040,
              "init_bindings": null
            },
            "name": "generate"
          }
        }
      ],
      "args": {
        "prompt": "Please answer the following question given the context.\nQUESTION: hello\nCONTEXT: This is my response to a prompt of length 33 with a model derp with temperature 0.5.\n"
      },
      "rets": "This is my response to a prompt of length 166 with a model derp with temperature 0.5.",
      "error": null,
      "perf": {
        "start_time": "2024-07-19T17:56:20.353310",
        "end_time": "2024-07-19T17:56:20.357637"
      },
      "pid": 94703,
      "tid": 8996683
    },
    {
      "call_id": "674917fe-503b-4c2a-943f-ddec6ba6b04a",
      "stack": [
        {
          "path": "app",
          "method": {
            "obj": {
              "cls": {
                "name": "DummyApp",
                "module": {
                  "package_name": "examples.dev.dummy_app",
                  "module_name": "examples.dev.dummy_app.app"
                },
                "bases": null
              },
              "id": 6401910800,
              "init_bindings": null
            },
            "name": "respond_to_query"
          }
        },
        {
          "path": "app.memory",
          "method": {
            "obj": {
              "cls": {
                "name": "DummyMemory",
                "module": {
                  "package_name": "examples.dev.dummy_app",
                  "module_name": "examples.dev.dummy_app.memory"
                },
                "bases": null
              },
              "id": 6401910896,
              "init_bindings": null
            },
            "name": "remember"
          }
        }
      ],
      "args": {
        "data": "This is my response to a prompt of length 166 with a model derp with temperature 0.5."
      },
      "rets": null,
      "error": null,
      "perf": {
        "start_time": "2024-07-19T17:56:20.372108",
        "end_time": "2024-07-19T17:56:20.376318"
      },
      "pid": 94703,
      "tid": 8996683
    },
    {
      "call_id": "ceb2e932-d42b-4ab9-a03d-7384dc135206",
      "stack": [
        {
          "path": "app",
          "method": {
            "obj": {
              "cls": {
                "name": "DummyApp",
                "module": {
                  "package_name": "examples.dev.dummy_app",
                  "module_name": "examples.dev.dummy_app.app"
                },
                "bases": null
              },
              "id": 6401910800,
              "init_bindings": null
            },
            "name": "respond_to_query"
          }
        }
      ],
      "args": {
        "query": "hello"
      },
      "rets": "This is my response to a prompt of length 166 with a model derp with temperature 0.5.",
      "error": null,
      "perf": {
        "start_time": "2024-07-19T17:56:20.151846",
        "end_time": "2024-07-19T17:56:20.376333"
      },
      "pid": 94703,
      "tid": 8996683
    }
  ]
}